 cudarand

 Timestamp is 519751c8 (Sat May 18 11:02:48 2013)

 Preferred load address is 00400000

 Start         Length     Name                   Class
 0001:00000000 00010000H .textbss                DATA
 0002:00000000 0000faa4H .text                   CODE
 0002:0000fab0 0000102bH .text$x                 CODE
 0003:00000000 00000104H .CRT$XCA                DATA
 0003:00000104 00000104H .CRT$XCAA               DATA
 0003:00000208 00000104H .CRT$XCU                DATA
 0003:0000030c 00000104H .CRT$XCZ                DATA
 0003:00000410 00000104H .CRT$XIA                DATA
 0003:00000514 00000104H .CRT$XIAA               DATA
 0003:00000618 00000104H .CRT$XIC                DATA
 0003:0000071c 00000104H .CRT$XIY                DATA
 0003:00000820 00000104H .CRT$XIZ                DATA
 0003:00000930 0000406fH .rdata                  DATA
 0003:000049a0 0000014cH .rdata$debug            DATA
 0003:00004aec 00000104H .rtc$IAA                DATA
 0003:00004bf0 00000109H .rtc$IMZ                DATA
 0003:00004cfc 00000104H .rtc$IZZ                DATA
 0003:00004e00 00000104H .rtc$TAA                DATA
 0003:00004f04 00000109H .rtc$TMZ                DATA
 0003:00005010 00000104H .rtc$TZZ                DATA
 0003:00005118 0000020aH .xdata$x                DATA
 0003:00005322 00000000H .edata                  DATA
 0004:00000000 00024adbH .data                   DATA
 0004:00024ae0 00017f7cH .bss                    DATA
 0005:00000000 00000050H .idata$2                DATA
 0005:00000050 00000014H .idata$3                DATA
 0005:00000064 000002ccH .idata$4                DATA
 0005:00000330 000002ccH .idata$5                DATA
 0005:000005fc 000008eeH .idata$6                DATA
 0006:00000000 0003f833H .nv_fatbin              DATA
 0007:00000000 00000113H .nvFatBinSegment        DATA
 0008:00000000 00000169H .rsrc$01                DATA
 0008:00000170 0000041cH .rsrc$02                DATA

  Address         Publics by Value              Rva+Base       Lib:Object

 0000:00000000       __except_list              00000000     <absolute>
 0000:00000000       ___safe_se_handler_count   00000000     <absolute>
 0000:00000000       ___safe_se_handler_table   00000000     <absolute>
 0000:00009876       __fltused                  00009876     <absolute>
 0000:00009876       __ldused                   00009876     <absolute>
 0000:00000000       ___ImageBase               00400000     <linker-defined>
 0001:00000000       __enc$textbss$begin        00401000     <linker-defined>
 0001:00010000       __enc$textbss$end          00411000     <linker-defined>
 0002:00000e70       _frexpf                    00411e70 f i main.cu.obj
 0002:00000ea0       _fabsf                     00411ea0 f i main.cu.obj
 0002:00000ed0       _ldexpf                    00411ed0 f i main.cu.obj
 0002:00000f00       _acosf                     00411f00 f i main.cu.obj
 0002:00000f30       _asinf                     00411f30 f i main.cu.obj
 0002:00000f60       _atanf                     00411f60 f i main.cu.obj
 0002:00000f90       _atan2f                    00411f90 f i main.cu.obj
 0002:00000fd0       _ceilf                     00411fd0 f i main.cu.obj
 0002:00001000       _cosf                      00412000 f i main.cu.obj
 0002:00001030       _coshf                     00412030 f i main.cu.obj
 0002:00001060       _expf                      00412060 f i main.cu.obj
 0002:00001090       _floorf                    00412090 f i main.cu.obj
 0002:000010c0       _fmodf                     004120c0 f i main.cu.obj
 0002:00001100       _logf                      00412100 f i main.cu.obj
 0002:00001130       _log10f                    00412130 f i main.cu.obj
 0002:00001160       _modff                     00412160 f i main.cu.obj
 0002:000011b0       _powf                      004121b0 f i main.cu.obj
 0002:000011f0       _sinf                      004121f0 f i main.cu.obj
 0002:00001220       _sinhf                     00412220 f i main.cu.obj
 0002:00001250       _sqrtf                     00412250 f i main.cu.obj
 0002:00001280       _tanf                      00412280 f i main.cu.obj
 0002:000012b0       _tanhf                     004122b0 f i main.cu.obj
 0002:000012e0       ?abs@@YAJJ@Z               004122e0 f i main.cu.obj
 0002:00001300       ?abs@@YANN@Z               00412300 f i main.cu.obj
 0002:00001320       ?pow@@YANNH@Z              00412320 f i main.cu.obj
 0002:00001340       ?abs@@YAMM@Z               00412340 f i main.cu.obj
 0002:00001360       ?acos@@YAMM@Z              00412360 f i main.cu.obj
 0002:00001380       ?asin@@YAMM@Z              00412380 f i main.cu.obj
 0002:000013a0       ?atan@@YAMM@Z              004123a0 f i main.cu.obj
 0002:000013c0       ?atan2@@YAMMM@Z            004123c0 f i main.cu.obj
 0002:000013f0       ?ceil@@YAMM@Z              004123f0 f i main.cu.obj
 0002:00001410       ?cos@@YAMM@Z               00412410 f i main.cu.obj
 0002:00001430       ?cosh@@YAMM@Z              00412430 f i main.cu.obj
 0002:00001450       ?exp@@YAMM@Z               00412450 f i main.cu.obj
 0002:00001470       ?fabs@@YAMM@Z              00412470 f i main.cu.obj
 0002:00001490       ?floor@@YAMM@Z             00412490 f i main.cu.obj
 0002:000014b0       ?fmod@@YAMMM@Z             004124b0 f i main.cu.obj
 0002:000014e0       ?frexp@@YAMMPAH@Z          004124e0 f i main.cu.obj
 0002:00001500       ?ldexp@@YAMMH@Z            00412500 f i main.cu.obj
 0002:00001520       ?log@@YAMM@Z               00412520 f i main.cu.obj
 0002:00001540       ?log10@@YAMM@Z             00412540 f i main.cu.obj
 0002:00001560       ?modf@@YAMMPAM@Z           00412560 f i main.cu.obj
 0002:00001580       ?pow@@YAMMM@Z              00412580 f i main.cu.obj
 0002:000015b0       ?pow@@YAMMH@Z              004125b0 f i main.cu.obj
 0002:000015d0       ?sin@@YAMM@Z               004125d0 f i main.cu.obj
 0002:000015f0       ?sinh@@YAMM@Z              004125f0 f i main.cu.obj
 0002:00001610       ?sqrt@@YAMM@Z              00412610 f i main.cu.obj
 0002:00001630       ?tan@@YAMM@Z               00412630 f i main.cu.obj
 0002:00001650       ?tanh@@YAMM@Z              00412650 f i main.cu.obj
 0002:00001670       ?mtgp32_init_state@@YAXQAIPBUmtgp32_params_fast@@I@Z 00412670 f   main.cu.obj
 0002:00001740       ?mtgp32_init_by_array@@YAHQAIPBUmtgp32_params_fast@@PAIH@Z 00412740 f   main.cu.obj
 0002:00001b70       ?mtgp32_init_by_str@@YAHQAIPBUmtgp32_params_fast@@PAD@Z 00412b70 f   main.cu.obj
 0002:00001f70       ?curandMakeMTGP32Constants@@YA?AW4curandStatus@@QBUmtgp32_params_fast@@PAUmtgp32_kernel_params@@@Z 00412f70 f   main.cu.obj
 0002:00002350       ?curandMakeMTGP32KernelState@@YG?AW4curandStatus@@PAUcurandStateMtgp32@@QAUmtgp32_params_fast@@PAUmtgp32_kernel_params@@H_K@Z 00413350 f   main.cu.obj
 0002:00002480       ?curandGetErrorString@@YAPADW4curandStatus@@@Z 00413480 f   main.cu.obj
 0002:00002610       ?init@Curand@@QAEXHW4curandRngType@@H@Z 00413610 f   main.cu.obj
 0002:000026e0       ?rand@Curand@@QAEMXZ       004136e0 f   main.cu.obj
 0002:00002770       ?destroy@Curand@@IAEXXZ    00413770 f   main.cu.obj
 0002:000027c0       ?cudaDeviceInfo@@YAXHAAUcudaDeviceProp@@@Z 004137c0 f   main.cu.obj
 0002:00002b00       ?computePiOnHost@@YANXZ    00413b00 f   main.cu.obj
 0002:00002c60       ?computePiOnHost2@@YANXZ   00413c60 f   main.cu.obj
 0002:00002d50       ?computePiOnGPU@@YANXZ     00413d50 f   main.cu.obj
 0002:00002ea0       ?computePiOnGPU2@@YANXZ    00413ea0 f   main.cu.obj
 0002:00003030       _main                      00414030 f   main.cu.obj
 0002:000030c0       ?__device_stub__Z10init_stuffP17curandStateXORWOW@@YAXPAUcurandStateXORWOW@@@Z 004140c0 f   main.cu.obj
 0002:000030f0       ?init_stuff@@YAXPAUcurandStateXORWOW@@@Z 004140f0 f   main.cu.obj
 0002:00003110       ?__device_stub__Z9make_randP17curandStateXORWOWPfi@@YAXPAUcurandStateXORWOW@@PAMH@Z 00414110 f   main.cu.obj
 0002:00003170       ?make_rand@@YAXPAUcurandStateXORWOW@@PAMH@Z 00414170 f   main.cu.obj
 0002:00003190       ?__device_stub__Z22computePiOnGPU2_kernelP17curandStateMtgp32fPf@@YAXPAUcurandStateMtgp32@@MPAM@Z 00414190 f   main.cu.obj
 0002:000031f0       ?computePiOnGPU2_kernel@@YAXPAUcurandStateMtgp32@@MPAM@Z 004141f0 f   main.cu.obj
 0002:00003b80       ?_ConvertSMVer2Cores@@YAHHH@Z 00414b80 f i main.cu.obj
 0002:00003ca0       ??0Curand@@QAE@XZ          00414ca0 f i main.cu.obj
 0002:00003cc0       ??1Curand@@QAE@XZ          00414cc0 f i main.cu.obj
 0002:00003cf0       ??0dim3@@QAE@III@Z         00414cf0 f i main.cu.obj
 0002:00003d30       ??0hftimer@@QAE@XZ         00414d30 f i main.cu.obj
 0002:00003d50       ___isnan                   00414d50 f i main.cu.obj
 0002:00003db0       _exp10                     00414db0 f i main.cu.obj
 0002:00003de0       _exp10f                    00414de0 f i main.cu.obj
 0002:00003e10       _sincos                    00414e10 f i main.cu.obj
 0002:00003e50       _sincosf                   00414e50 f i main.cu.obj
 0002:00003e90       ___isinf                   00414e90 f i main.cu.obj
 0002:00003ef0       _log2                      00414ef0 f i main.cu.obj
 0002:00003f20       _llabs                     00414f20 f i main.cu.obj
 0002:00003f70       ___signbit                 00414f70 f i main.cu.obj
 0002:00003fc0       _copysign                  00414fc0 f i main.cu.obj
 0002:00004010       ___finite                  00415010 f i main.cu.obj
 0002:00004070       _fmax                      00415070 f i main.cu.obj
 0002:00004170       _fmin                      00415170 f i main.cu.obj
 0002:00004270       _trunc                     00415270 f i main.cu.obj
 0002:000042d0       _round                     004152d0 f i main.cu.obj
 0002:00004380       _lround                    00415380 f i main.cu.obj
 0002:000043b0       _llround                   004153b0 f i main.cu.obj
 0002:000043e0       _rint                      004153e0 f i main.cu.obj
 0002:00004470       _nearbyint                 00415470 f i main.cu.obj
 0002:00004490       _lrint                     00415490 f i main.cu.obj
 0002:000044c0       _llrint                    004154c0 f i main.cu.obj
 0002:000044f0       _fdim                      004154f0 f i main.cu.obj
 0002:00004560       _scalbn                    00415560 f i main.cu.obj
 0002:00004580       _scalbln                   00415580 f i main.cu.obj
 0002:000045e0       _exp2                      004155e0 f i main.cu.obj
 0002:00004610       _log1p                     00415610 f i main.cu.obj
 0002:000046a0       _expm1                     004156a0 f i main.cu.obj
 0002:00004750       _cbrt                      00415750 f i main.cu.obj
 0002:00004820       _acosh                     00415820 f i main.cu.obj
 0002:000048d0       _asinh                     004158d0 f i main.cu.obj
 0002:000049c0       _atanh                     004159c0 f i main.cu.obj
 0002:00004a90       _ilogb                     00415a90 f i main.cu.obj
 0002:00004ba0       _logb                      00415ba0 f i main.cu.obj
 0002:00004ce0       _remquo                    00415ce0 f i main.cu.obj
 0002:00005350       _remainder                 00416350 f i main.cu.obj
 0002:00005380       _fma                       00416380 f i main.cu.obj
 0002:000063f0       _nextafter                 004173f0 f i main.cu.obj
 0002:000065d0       _erf                       004175d0 f i main.cu.obj
 0002:00006980       _erfc                      00417980 f i main.cu.obj
 0002:00006d80       _lgamma                    00417d80 f i main.cu.obj
 0002:00007670       _nan                       00418670 f i main.cu.obj
 0002:000076a0       ?__internal_host_nan_kernel@@YA_KPBD@Z 004186a0 f i main.cu.obj
 0002:00007a40       _tgamma                    00418a40 f i main.cu.obj
 0002:00007ef0       ?__host_tgamma_kernel@@YANN@Z 00418ef0 f i main.cu.obj
 0002:00008030       ?__host_stirling_poly@@YANN@Z 00419030 f i main.cu.obj
 0002:00008110       ?__host_tgamma_stirling@@YANN@Z 00419110 f i main.cu.obj
 0002:00008260       _hypot                     00419260 f i main.cu.obj
 0002:00008290       ___signbitl                00419290 f i main.cu.obj
 0002:000082b0       ___signbitf                004192b0 f i main.cu.obj
 0002:000082d0       ___finitel                 004192d0 f i main.cu.obj
 0002:000082f0       ___finitef                 004192f0 f i main.cu.obj
 0002:00008310       ___isinfl                  00419310 f i main.cu.obj
 0002:00008330       ___isinff                  00419330 f i main.cu.obj
 0002:00008350       ___isnanl                  00419350 f i main.cu.obj
 0002:00008370       ___isnanf                  00419370 f i main.cu.obj
 0002:00008390       _fmaxf                     00419390 f i main.cu.obj
 0002:000083d0       _fminf                     004193d0 f i main.cu.obj
 0002:00008410       _roundf                    00419410 f i main.cu.obj
 0002:00008440       _lroundf                   00419440 f i main.cu.obj
 0002:00008460       _llroundf                  00419460 f i main.cu.obj
 0002:00008480       _truncf                    00419480 f i main.cu.obj
 0002:000084b0       _rintf                     004194b0 f i main.cu.obj
 0002:000084e0       _nearbyintf                004194e0 f i main.cu.obj
 0002:00008510       _lrintf                    00419510 f i main.cu.obj
 0002:00008530       _llrintf                   00419530 f i main.cu.obj
 0002:00008550       _logbf                     00419550 f i main.cu.obj
 0002:00008580       _scalblnf                  00419580 f i main.cu.obj
 0002:000085b0       _log2f                     004195b0 f i main.cu.obj
 0002:000085e0       _exp2f                     004195e0 f i main.cu.obj
 0002:00008610       _acoshf                    00419610 f i main.cu.obj
 0002:00008640       _asinhf                    00419640 f i main.cu.obj
 0002:00008670       _atanhf                    00419670 f i main.cu.obj
 0002:000086a0       _cbrtf                     004196a0 f i main.cu.obj
 0002:000086d0       _expm1f                    004196d0 f i main.cu.obj
 0002:00008700       _fdimf                     00419700 f i main.cu.obj
 0002:00008740       _log1pf                    00419740 f i main.cu.obj
 0002:00008770       _scalbnf                   00419770 f i main.cu.obj
 0002:000087a0       _fmaf                      004197a0 f i main.cu.obj
 0002:000087e0       _ilogbf                    004197e0 f i main.cu.obj
 0002:00008800       _erff                      00419800 f i main.cu.obj
 0002:00008830       _erfcf                     00419830 f i main.cu.obj
 0002:00008860       _lgammaf                   00419860 f i main.cu.obj
 0002:00008890       _tgammaf                   00419890 f i main.cu.obj
 0002:000088c0       _remquof                   004198c0 f i main.cu.obj
 0002:00008900       _remainderf                00419900 f i main.cu.obj
 0002:00008940       _hypotf                    00419940 f i main.cu.obj
 0002:00008970       _copysignf                 00419970 f i main.cu.obj
 0002:000089b0       _nextafterf                004199b0 f i main.cu.obj
 0002:00008b50       _nanf                      00419b50 f i main.cu.obj
 0002:00008b90       _rsqrt                     00419b90 f i main.cu.obj
 0002:00008bb0       _rcbrt                     00419bb0 f i main.cu.obj
 0002:00008cc0       _sinpi                     00419cc0 f i main.cu.obj
 0002:00008e10       _cospi                     00419e10 f i main.cu.obj
 0002:00008f70       _sincospi                  00419f70 f i main.cu.obj
 0002:00008fb0       _erfinv                    00419fb0 f i main.cu.obj
 0002:000094e0       _erfcinv                   0041a4e0 f i main.cu.obj
 0002:00009930       _normcdfinv                0041a930 f i main.cu.obj
 0002:00009960       _normcdf                   0041a960 f i main.cu.obj
 0002:00009ac0       _erfcx                     0041aac0 f i main.cu.obj
 0002:00009e50       _rsqrtf                    0041ae50 f i main.cu.obj
 0002:00009e80       _rcbrtf                    0041ae80 f i main.cu.obj
 0002:00009eb0       _sinpif                    0041aeb0 f i main.cu.obj
 0002:00009ee0       _cospif                    0041aee0 f i main.cu.obj
 0002:00009f10       _sincospif                 0041af10 f i main.cu.obj
 0002:00009f50       _erfinvf                   0041af50 f i main.cu.obj
 0002:00009f80       _erfcinvf                  0041af80 f i main.cu.obj
 0002:00009fb0       _normcdfinvf               0041afb0 f i main.cu.obj
 0002:00009fe0       _normcdff                  0041afe0 f i main.cu.obj
 0002:0000a010       _erfcxf                    0041b010 f i main.cu.obj
 0002:0000a040       _min                       0041b040 f i main.cu.obj
 0002:0000a070       _umin                      0041b070 f i main.cu.obj
 0002:0000a0a0       _llmin                     0041b0a0 f i main.cu.obj
 0002:0000a0f0       _ullmin                    0041b0f0 f i main.cu.obj
 0002:0000a140       _max                       0041b140 f i main.cu.obj
 0002:0000a170       _umax                      0041b170 f i main.cu.obj
 0002:0000a1a0       _llmax                     0041b1a0 f i main.cu.obj
 0002:0000a1f0       _ullmax                    0041b1f0 f i main.cu.obj
 0002:0000a240       ??$_Pow_int@N@@YANNH@Z     0041b240 f i main.cu.obj
 0002:0000a2d0       ??$_Pow_int@M@@YAMMH@Z     0041b2d0 f i main.cu.obj
 0002:0000a360       ??$cudaMalloc@UcurandStateXORWOW@@@@YA?AW4cudaError@@PAPAUcurandStateXORWOW@@I@Z 0041b360 f i main.cu.obj
 0002:0000a380       ??$cudaLaunch@D@@YA?AW4cudaError@@PAD@Z 0041b380 f i main.cu.obj
 0002:0000a3a0       ?dsfmt_get_idstring@@YAPBDXZ 0041b3a0 f   dSFMT.obj
 0002:0000a3e0       ?dsfmt_get_min_array_size@@YAHXZ 0041b3e0 f   dSFMT.obj
 0002:0000a420       ?dsfmt_gen_rand_all@@YAXPAUDSFMT_T@@@Z 0041b420 f   dSFMT.obj
 0002:0000a780       ?dsfmt_fill_array_close1_open2@@YAXPAUDSFMT_T@@QANH@Z 0041b780 f   dSFMT.obj
 0002:0000ab60       ?dsfmt_fill_array_open_close@@YAXPAUDSFMT_T@@QANH@Z 0041bb60 f   dSFMT.obj
 0002:0000b030       ?dsfmt_fill_array_close_open@@YAXPAUDSFMT_T@@QANH@Z 0041c030 f   dSFMT.obj
 0002:0000b500       ?dsfmt_fill_array_open_open@@YAXPAUDSFMT_T@@QANH@Z 0041c500 f   dSFMT.obj
 0002:0000ba00       ?dsfmt_chk_init_gen_rand@@YAXPAUDSFMT_T@@IH@Z 0041ca00 f   dSFMT.obj
 0002:0000be10       ?dsfmt_chk_init_by_array@@YAXPAUDSFMT_T@@QAIHH@Z 0041ce10 f   dSFMT.obj
 0002:0000c530       ?startTimer@hftimer@@QAEXXZ 0041d530 f   hftimer.obj
 0002:0000c590       ?getTime@hftimer@@QAEHXZ   0041d590 f   hftimer.obj
 0002:0000c638       _cudaMemcpy@16             0041d638 f   cudart:cudart32_50_35.dll
 0002:0000c63e       _cudaMalloc@8              0041d63e f   cudart:cudart32_50_35.dll
 0002:0000c644       _cudaFree@4                0041d644 f   cudart:cudart32_50_35.dll
 0002:0000c64a       _cudaRuntimeGetVersion@4   0041d64a f   cudart:cudart32_50_35.dll
 0002:0000c650       _cudaDriverGetVersion@4    0041d650 f   cudart:cudart32_50_35.dll
 0002:0000c656       _cudaGetDeviceProperties@8 0041d656 f   cudart:cudart32_50_35.dll
 0002:0000c65c       _cudaSetDevice@4           0041d65c f   cudart:cudart32_50_35.dll
 0002:0000c662       _cudaGetErrorString@4      0041d662 f   cudart:cudart32_50_35.dll
 0002:0000c668       _cudaGetDeviceCount@4      0041d668 f   cudart:cudart32_50_35.dll
 0002:0000c66e       _cudaConfigureCall@32      0041d66e f   cudart:cudart32_50_35.dll
 0002:0000c674       _cudaMemset@12             0041d674 f   cudart:cudart32_50_35.dll
 0002:0000c67a       _cudaSetupArgument@12      0041d67a f   cudart:cudart32_50_35.dll
 0002:0000c680       ___cudaRegisterFatBinary@4 0041d680 f   cudart:cudart32_50_35.dll
 0002:0000c686       ___cudaUnregisterFatBinary@4 0041d686 f   cudart:cudart32_50_35.dll
 0002:0000c68c       ___cudaRegisterVar@32      0041d68c f   cudart:cudart32_50_35.dll
 0002:0000c692       ___cudaRegisterFunction@40 0041d692 f   cudart:cudart32_50_35.dll
 0002:0000c698       _cudaLaunch@4              0041d698 f   cudart:cudart32_50_35.dll
 0002:0000c69e       _curandSetPseudoRandomGeneratorSeed@12 0041d69e f   curand:curand32_50_35.dll
 0002:0000c6a4       _curandCreateGenerator@8   0041d6a4 f   curand:curand32_50_35.dll
 0002:0000c6aa       _curandGenerateUniform@12  0041d6aa f   curand:curand32_50_35.dll
 0002:0000c6b0       _curandDestroyGenerator@4  0041d6b0 f   curand:curand32_50_35.dll
 0002:0000c6b6       _QueryPerformanceFrequency@4 0041d6b6 f   kernel32:KERNEL32.dll
 0002:0000c6bc       _QueryPerformanceCounter@4 0041d6bc f   kernel32:KERNEL32.dll
 0002:0000c6c2       ??_U@YAPAXI@Z              0041d6c2 f   libcpmt:newaop.obj
 0002:0000c6d0       _frexp                     0041d6d0 f   MSVCRTD:MSVCR90D.dll
 0002:0000c6e0       _fabs                      0041d6e0 f   MSVCRTD:MSVCR90D.dll
 0002:0000c6e6       _ldexp                     0041d6e6 f   MSVCRTD:MSVCR90D.dll
 0002:0000c6ec       _acos                      0041d6ec f   MSVCRTD:MSVCR90D.dll
 0002:0000c6f2       _asin                      0041d6f2 f   MSVCRTD:MSVCR90D.dll
 0002:0000c6f8       _atan                      0041d6f8 f   MSVCRTD:MSVCR90D.dll
 0002:0000c6fe       _atan2                     0041d6fe f   MSVCRTD:MSVCR90D.dll
 0002:0000c704       _ceil                      0041d704 f   MSVCRTD:MSVCR90D.dll
 0002:0000c70a       _cos                       0041d70a f   MSVCRTD:MSVCR90D.dll
 0002:0000c710       _cosh                      0041d710 f   MSVCRTD:MSVCR90D.dll
 0002:0000c716       _exp                       0041d716 f   MSVCRTD:MSVCR90D.dll
 0002:0000c71c       _floor                     0041d71c f   MSVCRTD:MSVCR90D.dll
 0002:0000c722       _fmod                      0041d722 f   MSVCRTD:MSVCR90D.dll
 0002:0000c728       _log                       0041d728 f   MSVCRTD:MSVCR90D.dll
 0002:0000c72e       _log10                     0041d72e f   MSVCRTD:MSVCR90D.dll
 0002:0000c734       _modf                      0041d734 f   MSVCRTD:MSVCR90D.dll
 0002:0000c73a       _pow                       0041d73a f   MSVCRTD:MSVCR90D.dll
 0002:0000c740       _sin                       0041d740 f   MSVCRTD:MSVCR90D.dll
 0002:0000c746       _sinh                      0041d746 f   MSVCRTD:MSVCR90D.dll
 0002:0000c74c       _sqrt                      0041d74c f   MSVCRTD:MSVCR90D.dll
 0002:0000c752       _tan                       0041d752 f   MSVCRTD:MSVCR90D.dll
 0002:0000c758       _tanh                      0041d758 f   MSVCRTD:MSVCR90D.dll
 0002:0000c75e       _labs                      0041d75e f   MSVCRTD:MSVCR90D.dll
 0002:0000c764       _memset                    0041d764 f   MSVCRTD:MSVCR90D.dll
 0002:0000c76a       _strlen                    0041d76a f   MSVCRTD:MSVCR90D.dll
 0002:0000c770       _free                      0041d770 f   MSVCRTD:MSVCR90D.dll
 0002:0000c776       _malloc                    0041d776 f   MSVCRTD:MSVCR90D.dll
 0002:0000c780       __aullshr                  0041d780 f   MSVCRTD:ullshr.obj
 0002:0000c7a6       _exit                      0041d7a6 f   MSVCRTD:MSVCR90D.dll
 0002:0000c7ac       _printf                    0041d7ac f   MSVCRTD:MSVCR90D.dll
 0002:0000c7b2       ??_V@YAXPAX@Z              0041d7b2 f   MSVCRTD:MSVCR90D.dll
 0002:0000c7b8       _sprintf                   0041d7b8 f   MSVCRTD:MSVCR90D.dll
 0002:0000c7c0       @__security_check_cookie@4 0041d7c0 f   MSVCRTD:secchk.obj
 0002:0000c7d2       ___CxxFrameHandler3        0041d7d2 f   MSVCRTD:MSVCR90D.dll
 0002:0000c7e0       __ftol2_sse                0041d7e0 f   MSVCRTD:ftol2.obj
 0002:0000c7e9       __ftol2_pentium4           0041d7e9 f   MSVCRTD:ftol2.obj
 0002:0000c7fc       __ftol2_sse_excpt          0041d7fc f   MSVCRTD:ftol2.obj
 0002:0000c816       __ftol2                    0041d816 f   MSVCRTD:ftol2.obj
 0002:0000c8c0       __alloca_probe             0041d8c0     MSVCRTD:chkstk.obj
 0002:0000c8c0       __chkstk                   0041d8c0 f   MSVCRTD:chkstk.obj
 0002:0000c900       __allshl                   0041d900 f   MSVCRTD:llshl.obj
 0002:0000c930       __allmul                   0041d930 f   MSVCRTD:llmul.obj
 0002:0000c972       __hypot                    0041d972 f   MSVCRTD:MSVCR90D.dll
 0002:0000c978       __hypotf                   0041d978 f   MSVCRTD:MSVCR90D.dll
 0002:0000c980       __onexit                   0041d980 f   MSVCRTD:atonexit.obj
 0002:0000cad0       _atexit                    0041dad0 f   MSVCRTD:atonexit.obj
 0002:0000cb00       __RTC_InitBase             0041db00 f   MSVCRTD:_init_.obj
 0002:0000cb40       __RTC_Shutdown             0041db40 f   MSVCRTD:_init_.obj
 0002:0000cb60       __RTC_CheckEsp             0041db60 f   MSVCRTD:_stack_.obj
 0002:0000cb90       @_RTC_CheckStackVars@8     0041db90 f   MSVCRTD:_stack_.obj
 0002:0000cc10       @_RTC_AllocaHelper@12      0041dc10 f   MSVCRTD:_stack_.obj
 0002:0000cc50       @_RTC_CheckStackVars2@12   0041dc50 f   MSVCRTD:_stack_.obj
 0002:0000cd5a       __wassert                  0041dd5a f   MSVCRTD:MSVCR90D.dll
 0002:0000cd60       _fprintf                   0041dd60 f   MSVCRTD:MSVCR90D.dll
 0002:0000cd66       ___iob_func                0041dd66 f   MSVCRTD:MSVCR90D.dll
 0002:0000cd70       __alldiv                   0041dd70 f   MSVCRTD:lldiv.obj
 0002:0000cf90       _mainCRTStartup            0041df90 f   MSVCRTD:crtexe.obj
 0002:0000d290       _NtCurrentTeb              0041e290 f i MSVCRTD:crtexe.obj
 0002:0000d37a       ??2@YAPAXI@Z               0041e37a f   MSVCRTD:MSVCR90D.dll
 0002:0000d380       ___report_gsfailure        0041e380 f   MSVCRTD:gs_report.obj
 0002:0000d4e0       __get_sse2_info            0041e4e0 f   MSVCRTD:cpu_disp.obj
 0002:0000d650       ___sse2_available_init     0041e650 f   MSVCRTD:cpu_disp.obj
 0002:0000d668       __unlock                   0041e668 f   MSVCRTD:MSVCR90D.dll
 0002:0000d66e       ___dllonexit               0041e66e f   MSVCRTD:MSVCR90D.dll
 0002:0000d674       __encode_pointer           0041e674 f   MSVCRTD:MSVCR90D.dll
 0002:0000d67a       __lock                     0041e67a f   MSVCRTD:MSVCR90D.dll
 0002:0000d680       __decode_pointer           0041e680 f   MSVCRTD:MSVCR90D.dll
 0002:0000d690       __except_handler4          0041e690 f   MSVCRTD:chandler4gs.obj
 0002:0000d6d0       __RTC_NumErrors            0041e6d0 f   MSVCRTD:_userapi_.obj
 0002:0000d6e0       __RTC_GetErrDesc           0041e6e0 f   MSVCRTD:_userapi_.obj
 0002:0000d700       __RTC_SetErrorType         0041e700 f   MSVCRTD:_userapi_.obj
 0002:0000d730       __RTC_SetErrorFunc         0041e730 f   MSVCRTD:_userapi_.obj
 0002:0000d760       __RTC_SetErrorFuncW        0041e760 f   MSVCRTD:_userapi_.obj
 0002:0000d790       ?_RTC_GetErrorFunc@@YAP6AHHPBDH00ZZPBX@Z 0041e790 f   MSVCRTD:_userapi_.obj
 0002:0000d7a0       ?_RTC_GetErrorFuncW@@YAP6AHHPB_WH00ZZPBX@Z 0041e7a0 f   MSVCRTD:_userapi_.obj
 0002:0000d7a6       __CRT_RTC_INITW            0041e7a6 f   MSVCRTD:MSVCR90D.dll
 0002:0000d7b0       _DebuggerKnownHandle       0041e7b0 f   MSVCRTD:_error_.obj
 0002:0000d890       ?_RTC_Failure@@YAXPAXH@Z   0041e890 f   MSVCRTD:_error_.obj
 0002:0000dc60       ?_RTC_StackFailure@@YAXPAXPBD@Z 0041ec60 f   MSVCRTD:_error_.obj
 0002:0000dda0       ?_RTC_AllocaFailure@@YAXPAXPAU_RTC_ALLOCA_NODE@@H@Z 0041eda0 f   MSVCRTD:_error_.obj
 0002:0000dfb0       __RTC_UninitUse            0041efb0 f   MSVCRTD:_error_.obj
 0002:0000e0e0       ?__CxxUnhandledExceptionFilter@@YGJPAU_EXCEPTION_POINTERS@@@Z 0041f0e0 f   MSVCRTD:unhandld.obj
 0002:0000e160       ___CxxSetUnhandledExceptionFilter 0041f160 f   MSVCRTD:unhandld.obj
 0002:0000e17a       __configthreadlocale       0041f17a f   MSVCRTD:MSVCR90D.dll
 0002:0000e180       __setdefaultprecision      0041f180 f   MSVCRTD:fp8.obj
 0002:0000e1d0       __invoke_watson_if_error   0041f1d0 f i MSVCRTD:fp8.obj
 0002:0000e206       ___setusermatherr          0041f206 f   MSVCRTD:MSVCR90D.dll
 0002:0000e210       __matherr                  0041f210 f   MSVCRTD:merr.obj
 0002:0000e220       __setargv                  0041f220 f   MSVCRTD:dllargv.obj
 0002:0000e230       __RTC_Initialize           0041f230 f   MSVCRTD:_initsect_.obj
 0002:0000e260       __RTC_Terminate            0041f260 f   MSVCRTD:_initsect_.obj
 0002:0000e290       ___p__commode              0041f290 f   MSVCRTD:MSVCR90D.dll
 0002:0000e296       ___p__fmode                0041f296 f   MSVCRTD:MSVCR90D.dll
 0002:0000e29c       ___set_app_type            0041f29c f   MSVCRTD:MSVCR90D.dll
 0002:0000e2a2       __amsg_exit                0041f2a2 f   MSVCRTD:MSVCR90D.dll
 0002:0000e2a8       ___getmainargs             0041f2a8 f   MSVCRTD:MSVCR90D.dll
 0002:0000e2b0       ___security_init_cookie    0041f2b0 f   MSVCRTD:gs_support.obj
 0002:0000e3c2       __exit                     0041f3c2 f   MSVCRTD:MSVCR90D.dll
 0002:0000e3c8       __XcptFilter               0041f3c8 f   MSVCRTD:MSVCR90D.dll
 0002:0000e3ce       __cexit                    0041f3ce f   MSVCRTD:MSVCR90D.dll
 0002:0000e3d4       __CrtSetCheckCount         0041f3d4 f   MSVCRTD:MSVCR90D.dll
 0002:0000e3e0       __ValidateImageBase        0041f3e0 f   MSVCRTD:pesect.obj
 0002:0000e460       __FindPESection            0041f460 f   MSVCRTD:pesect.obj
 0002:0000e500       __IsNonwritableInCurrentImage 0041f500 f   MSVCRTD:pesect.obj
 0002:0000e656       __CrtDbgReportW            0041f656 f   MSVCRTD:MSVCR90D.dll
 0002:0000e65c       __initterm                 0041f65c f   MSVCRTD:MSVCR90D.dll
 0002:0000e662       __initterm_e               0041f662 f   MSVCRTD:MSVCR90D.dll
 0002:0000e668       __crt_debugger_hook        0041f668 f   MSVCRTD:MSVCR90D.dll
 0002:0000e66e       __except_handler4_common   0041f66e f   MSVCRTD:MSVCR90D.dll
 0002:0000e680       ?_RTC_GetSrcLine@@YAHPAEPA_WKPAH1K@Z 0041f680 f   MSVCRTD:_pdblkup_.obj
 0002:0000ec3c       ?terminate@@YAXXZ          0041fc3c f   MSVCRTD:MSVCR90D.dll
 0002:0000ec42       __controlfp_s              0041fc42 f   MSVCRTD:MSVCR90D.dll
 0002:0000ec48       __invoke_watson            0041fc48 f   MSVCRTD:MSVCR90D.dll
 0002:0000ec4e       _InterlockedExchange@8     0041fc4e f   kernel32:KERNEL32.dll
 0002:0000ec54       _Sleep@4                   0041fc54 f   kernel32:KERNEL32.dll
 0002:0000ec5a       _InterlockedCompareExchange@12 0041fc5a f   kernel32:KERNEL32.dll
 0002:0000ec60       _TerminateProcess@8        0041fc60 f   kernel32:KERNEL32.dll
 0002:0000ec66       _GetCurrentProcess@0       0041fc66 f   kernel32:KERNEL32.dll
 0002:0000ec6c       _UnhandledExceptionFilter@4 0041fc6c f   kernel32:KERNEL32.dll
 0002:0000ec72       _SetUnhandledExceptionFilter@4 0041fc72 f   kernel32:KERNEL32.dll
 0002:0000ec78       _IsDebuggerPresent@0       0041fc78 f   kernel32:KERNEL32.dll
 0002:0000ec7e       _RaiseException@16         0041fc7e f   kernel32:KERNEL32.dll
 0002:0000ec84       _DebugBreak@0              0041fc84 f   kernel32:KERNEL32.dll
 0002:0000ec8a       _WideCharToMultiByte@32    0041fc8a f   kernel32:KERNEL32.dll
 0002:0000ec90       _MultiByteToWideChar@24    0041fc90 f   kernel32:KERNEL32.dll
 0002:0000ec96       _lstrlenA@4                0041fc96 f   kernel32:KERNEL32.dll
 0002:0000ec9c       _GetProcAddress@8          0041fc9c f   kernel32:KERNEL32.dll
 0002:0000eca2       _LoadLibraryA@4            0041fca2 f   kernel32:KERNEL32.dll
 0002:0000eca8       _GetTickCount@0            0041fca8 f   kernel32:KERNEL32.dll
 0002:0000ecae       _GetCurrentThreadId@0      0041fcae f   kernel32:KERNEL32.dll
 0002:0000ecb4       _GetCurrentProcessId@0     0041fcb4 f   kernel32:KERNEL32.dll
 0002:0000ecba       _GetSystemTimeAsFileTime@4 0041fcba f   kernel32:KERNEL32.dll
 0002:0000ecc0       _HeapFree@12               0041fcc0 f   kernel32:KERNEL32.dll
 0002:0000ecc6       _HeapAlloc@12              0041fcc6 f   kernel32:KERNEL32.dll
 0002:0000eccc       _GetProcessHeap@0          0041fccc f   kernel32:KERNEL32.dll
 0002:0000ecd2       _GetModuleFileNameW@12     0041fcd2 f   kernel32:KERNEL32.dll
 0002:0000ecd8       _VirtualQuery@12           0041fcd8 f   kernel32:KERNEL32.dll
 0002:0000ecde       _FreeLibrary@4             0041fcde f   kernel32:KERNEL32.dll
 0003:00000000       ___xc_a                    00422000     MSVCRTD:cinitexe.obj
 0003:0000030c       ___xc_z                    0042230c     MSVCRTD:cinitexe.obj
 0003:00000410       ___xi_a                    00422410     MSVCRTD:cinitexe.obj
 0003:00000820       ___xi_z                    00422820     MSVCRTD:cinitexe.obj
 0003:00000950       ?mtgpdc_params_11213_num@@3HB 00422950     main.cu.obj
 0003:000024b0       ?collate@?$_Locbase@H@std@@2HB 004244b0     main.cu.obj
 0003:000024b4       ?ctype@?$_Locbase@H@std@@2HB 004244b4     main.cu.obj
 0003:000024b8       ?monetary@?$_Locbase@H@std@@2HB 004244b8     main.cu.obj
 0003:000024bc       ?numeric@?$_Locbase@H@std@@2HB 004244bc     main.cu.obj
 0003:000024c0       ?time@?$_Locbase@H@std@@2HB 004244c0     main.cu.obj
 0003:000024c4       ?messages@?$_Locbase@H@std@@2HB 004244c4     main.cu.obj
 0003:000024c8       ?all@?$_Locbase@H@std@@2HB 004244c8     main.cu.obj
 0003:000024cc       ?none@?$_Locbase@H@std@@2HB 004244cc     main.cu.obj
 0003:000024d0       ?table_size@?$ctype@D@std@@2IB 004244d0     main.cu.obj
 0003:000024d4       ?skipws@?$_Iosb@H@std@@2W4_Fmtflags@12@B 004244d4     main.cu.obj
 0003:000024d8       ?unitbuf@?$_Iosb@H@std@@2W4_Fmtflags@12@B 004244d8     main.cu.obj
 0003:000024dc       ?uppercase@?$_Iosb@H@std@@2W4_Fmtflags@12@B 004244dc     main.cu.obj
 0003:000024e0       ?showbase@?$_Iosb@H@std@@2W4_Fmtflags@12@B 004244e0     main.cu.obj
 0003:000024e4       ?showpoint@?$_Iosb@H@std@@2W4_Fmtflags@12@B 004244e4     main.cu.obj
 0003:000024e8       ?showpos@?$_Iosb@H@std@@2W4_Fmtflags@12@B 004244e8     main.cu.obj
 0003:000024ec       ?left@?$_Iosb@H@std@@2W4_Fmtflags@12@B 004244ec     main.cu.obj
 0003:000024f0       ?right@?$_Iosb@H@std@@2W4_Fmtflags@12@B 004244f0     main.cu.obj
 0003:000024f4       ?internal@?$_Iosb@H@std@@2W4_Fmtflags@12@B 004244f4     main.cu.obj
 0003:000024f8       ?dec@?$_Iosb@H@std@@2W4_Fmtflags@12@B 004244f8     main.cu.obj
 0003:000024fc       ?oct@?$_Iosb@H@std@@2W4_Fmtflags@12@B 004244fc     main.cu.obj
 0003:00002500       ?hex@?$_Iosb@H@std@@2W4_Fmtflags@12@B 00424500     main.cu.obj
 0003:00002504       ?scientific@?$_Iosb@H@std@@2W4_Fmtflags@12@B 00424504     main.cu.obj
 0003:00002508       ?fixed@?$_Iosb@H@std@@2W4_Fmtflags@12@B 00424508     main.cu.obj
 0003:0000250c       ?hexfloat@?$_Iosb@H@std@@2W4_Fmtflags@12@B 0042450c     main.cu.obj
 0003:00002510       ?boolalpha@?$_Iosb@H@std@@2W4_Fmtflags@12@B 00424510     main.cu.obj
 0003:00002514       ?_Stdio@?$_Iosb@H@std@@2W4_Fmtflags@12@B 00424514     main.cu.obj
 0003:00002518       ?adjustfield@?$_Iosb@H@std@@2W4_Fmtflags@12@B 00424518     main.cu.obj
 0003:0000251c       ?basefield@?$_Iosb@H@std@@2W4_Fmtflags@12@B 0042451c     main.cu.obj
 0003:00002520       ?floatfield@?$_Iosb@H@std@@2W4_Fmtflags@12@B 00424520     main.cu.obj
 0003:00002524       ?goodbit@?$_Iosb@H@std@@2W4_Iostate@12@B 00424524     main.cu.obj
 0003:00002528       ?eofbit@?$_Iosb@H@std@@2W4_Iostate@12@B 00424528     main.cu.obj
 0003:0000252c       ?failbit@?$_Iosb@H@std@@2W4_Iostate@12@B 0042452c     main.cu.obj
 0003:00002530       ?badbit@?$_Iosb@H@std@@2W4_Iostate@12@B 00424530     main.cu.obj
 0003:00002534       ?_Hardfail@?$_Iosb@H@std@@2W4_Iostate@12@B 00424534     main.cu.obj
 0003:00002538       ?in@?$_Iosb@H@std@@2W4_Openmode@12@B 00424538     main.cu.obj
 0003:0000253c       ?out@?$_Iosb@H@std@@2W4_Openmode@12@B 0042453c     main.cu.obj
 0003:00002540       ?ate@?$_Iosb@H@std@@2W4_Openmode@12@B 00424540     main.cu.obj
 0003:00002544       ?app@?$_Iosb@H@std@@2W4_Openmode@12@B 00424544     main.cu.obj
 0003:00002548       ?trunc@?$_Iosb@H@std@@2W4_Openmode@12@B 00424548     main.cu.obj
 0003:0000254c       ?_Nocreate@?$_Iosb@H@std@@2W4_Openmode@12@B 0042454c     main.cu.obj
 0003:00002550       ?_Noreplace@?$_Iosb@H@std@@2W4_Openmode@12@B 00424550     main.cu.obj
 0003:00002554       ?binary@?$_Iosb@H@std@@2W4_Openmode@12@B 00424554     main.cu.obj
 0003:00002558       ?beg@?$_Iosb@H@std@@2W4_Seekdir@12@B 00424558     main.cu.obj
 0003:0000255c       ?cur@?$_Iosb@H@std@@2W4_Seekdir@12@B 0042455c     main.cu.obj
 0003:00002560       ?end@?$_Iosb@H@std@@2W4_Seekdir@12@B 00424560     main.cu.obj
 0003:00002568       __real@3f50624de0000000    00424568     main.cu.obj
 0003:00002578       __real@3eb0c6f7a0000000    00424578     main.cu.obj
 0003:00002588       __real@4130000000000000    00424588     main.cu.obj
 0003:00002598       ??_C@_0EF@MFKANHJL@MapSMtoCores?5for?5SM?5?$CFd?4?$CFd?5is?5und@ 00424598     main.cu.obj
 0003:000025f0       __real@4010000000000000    004245f0     main.cu.obj
 0003:00002600       __real@3ff0000000000000    00424600     main.cu.obj
 0003:00002610       __real@0000000000000000    00424610     main.cu.obj
 0003:00002620       __real@4139000000000000    00424620     main.cu.obj
 0003:0000262c       __real@42c80000            0042462c     main.cu.obj
 0003:00002630       __real@4024000000000000    00424630     main.cu.obj
 0003:00002640       __real@3ff71547652b82fe    00424640     main.cu.obj
 0003:00002650       __real@3fe0000000000000    00424650     main.cu.obj
 0003:00002660       __real@4330000000000000    00424660     main.cu.obj
 0003:00002670       __real@4000000000000000    00424670     main.cu.obj
 0003:00002680       __real@3fd5555555555555    00424680     main.cu.obj
 0003:00002690       __real@43abc16d674ec800    00424690     main.cu.obj
 0003:000026a0       __real@bff0000000000000    004246a0     main.cu.obj
 0003:000026b0       __real@0000000000000001    004246b0     main.cu.obj
 0003:000026c0       __real@3ff20dd750429b6d    004246c0     main.cu.obj
 0003:000026d0       __real@3fd812746b0379bd    004246d0     main.cu.obj
 0003:000026e0       __real@3fbce2f21a040d16    004246e0     main.cu.obj
 0003:000026f0       __real@3f9b82ce311fa93e    004246f0     main.cu.obj
 0003:00002700       __real@3f7565bccf92b2f9    00424700     main.cu.obj
 0003:00002710       __real@3f4c02db03dd71d4    00424710     main.cu.obj
 0003:00002720       __real@3f1f9a2baa8fedd2    00424720     main.cu.obj
 0003:00002730       __real@3eef4ca4d6f3e30f    00424730     main.cu.obj
 0003:00002740       __real@3ebb97fd3d992939    00424740     main.cu.obj
 0003:00002750       __real@3e85c0726f04dcff    00424750     main.cu.obj
 0003:00002760       __real@3e4d71b0f1b10a79    00424760     main.cu.obj
 0003:00002770       __real@be0abae491c443e4    00424770     main.cu.obj
 0003:00002780       __real@401a000000000000    00424780     main.cu.obj
 0003:00002790       __real@3feffffde11212b1    00424790     main.cu.obj
 0003:000027a0       __real@3ff20dcad226b30a    004247a0     main.cu.obj
 0003:000027b0       __real@3fefff73c7e7f9e1    004247b0     main.cu.obj
 0003:000027c0       __real@3fe81080ea3fe580    004247c0     main.cu.obj
 0003:000027d0       __real@3fdff6141430adf5    004247d0     main.cu.obj
 0003:000027e0       __real@3fd32ec4bb6e52ed    004247e0     main.cu.obj
 0003:000027f0       __real@3fc51a795af371a0    004247f0     main.cu.obj
 0003:00002800       __real@3fb56f2421f73002    00424800     main.cu.obj
 0003:00002810       __real@3fa4235c7daa3331    00424810     main.cu.obj
 0003:00002820       __real@3f9175cb3972de9c    00424820     main.cu.obj
 0003:00002830       __real@3f7bc8ebb9a4afcc    00424830     main.cu.obj
 0003:00002840       __real@3f64237fd66149b8    00424840     main.cu.obj
 0003:00002850       __real@3f4a611ade63e63d    00424850     main.cu.obj
 0003:00002860       __real@3f2ef9166673b8b4    00424860     main.cu.obj
 0003:00002870       __real@3f102c949308a1e9    00424870     main.cu.obj
 0003:00002880       __real@3eedd4d01b7cf904    00424880     main.cu.obj
 0003:00002890       __real@3ec81d75e45f2d31    00424890     main.cu.obj
 0003:000028a0       __real@3ea0f5b2ed20b8d0    004248a0     main.cu.obj
 0003:000028b0       __real@3e7494ff23442565    004248b0     main.cu.obj
 0003:000028c0       __real@3e4558203bacea01    004248c0     main.cu.obj
 0003:000028d0       __real@3e12b1d2b1e65361    004248d0     main.cu.obj
 0003:000028e0       __real@3ddb405f53f1a2e8    004248e0     main.cu.obj
 0003:000028f0       __real@3da03569e3964f3f    004248f0     main.cu.obj
 0003:00002900       __real@3d5ea12aeb7a50a9    00424900     main.cu.obj
 0003:00002910       __real@3d1617ff9a9363af    00424910     main.cu.obj
 0003:00002920       __real@3cc6d6ebac2ee977    00424920     main.cu.obj
 0003:00002930       __real@3c6e1d1d336e23e6    00424930     main.cu.obj
 0003:00002940       __real@bc03034cbb687115    00424940     main.cu.obj
 0003:00002950       __real@3fe20dd750429b6b    00424950     main.cu.obj
 0003:00002960       __real@3fd20dd75042844f    00424960     main.cu.obj
 0003:00002970       __real@3fdb14c2f82a33f7    00424970     main.cu.obj
 0003:00002980       __real@3ff0ecf9c8880942    00424980     main.cu.obj
 0003:00002990       __real@400d9eae0c665c75    00424990     main.cu.obj
 0003:000029a0       __real@4030a8d46d765681    004249a0     main.cu.obj
 0003:000029b0       __real@4056df5d938acafe    004249b0     main.cu.obj
 0003:000029c0       __real@4082587ae4008d0e    004249c0     main.cu.obj
 0003:000029d0       __real@40b012760ee009a0    004249d0     main.cu.obj
 0003:000029e0       __real@40db040be3d5ca18    004249e0     main.cu.obj
 0003:000029f0       __real@41019a6e9a7ffbb8    004249f0     main.cu.obj
 0003:00002a00       __real@c1186df84479631d    00424a00     main.cu.obj
 0003:00002a10       __real@3fb0000000000000    00424a10     main.cu.obj
 0003:00002a20       __real@4030000000000000    00424a20     main.cu.obj
 0003:00002a30       __real@3e122b0b1d6d7c80    00424a30     main.cu.obj
 0003:00002a40       __real@3f76cc848c8c9ade    00424a40     main.cu.obj
 0003:00002a50       __real@3fafdf5bdca03d1b    00424a50     main.cu.obj
 0003:00002a60       __real@3fd5d7e290d09959    00424a60     main.cu.obj
 0003:00002a70       __real@3ff23f9ac8db4eb0    00424a70     main.cu.obj
 0003:00002a80       __real@4003b54f7a4cb073    00424a80     main.cu.obj
 0003:00002a90       __real@400b2ff9b2e9fa1a    00424a90     main.cu.obj
 0003:00002aa0       __real@4005feadb458d296    00424aa0     main.cu.obj
 0003:00002ab0       __real@3f476a5bff452eea    00424ab0     main.cu.obj
 0003:00002ac0       __real@3f805dde88330ac3    00424ac0     main.cu.obj
 0003:00002ad0       __real@3fa4d3d4bc450930    00424ad0     main.cu.obj
 0003:00002ae0       __real@3fbc7bd6391ee446    00424ae0     main.cu.obj
 0003:00002af0       __real@3fc079a2329bc999    00424af0     main.cu.obj
 0003:00002b00       __real@3fc40794d0dcb1fc    00424b00     main.cu.obj
 0003:00002b10       __real@3fe7fab335e51b30    00424b10     main.cu.obj
 0003:00002b20       __real@3ff0000047af5d1f    00424b20     main.cu.obj
 0003:00002b30       __real@3e5537910472fd7e    00424b30     main.cu.obj
 0003:00002b40       __real@4014000000000000    00424b40     main.cu.obj
 0003:00002b50       __real@403b4ccccccccccd    00424b50     main.cu.obj
 0003:00002b60       __real@3fe8000000000000    00424b60     main.cu.obj
 0003:00002b70       __real@400921fb54442d18    00424b70     main.cu.obj
 0003:00002b80       __real@3bfd83c94fb6d2ac    00424b80     main.cu.obj
 0003:00002b90       __real@3fe2788cfc6fb5c8    00424b90     main.cu.obj
 0003:00002ba0       __real@3fe4fcf4026add1a    00424ba0     main.cu.obj
 0003:00002bb0       __real@3fa5815e8fdce74c    00424bb0     main.cu.obj
 0003:00002bc0       __real@3fc5512321a168a0    00424bc0     main.cu.obj
 0003:00002bd0       __real@3fa59af1275b7120    00424bd0     main.cu.obj
 0003:00002be0       __real@3f83b4abb41cb6fa    00424be0     main.cu.obj
 0003:00002bf0       __real@3f7d917f15d50020    00424bf0     main.cu.obj
 0003:00002c00       __real@3f5315b4e8cc0d09    00424c00     main.cu.obj
 0003:00002c10       __real@3f2c4d80c24ba278    00424c10     main.cu.obj
 0003:00002c20       __real@3f20ec2950b1b5de    00424c20     main.cu.obj
 0003:00002c30       __real@3ef6527a5a11cf6e    00424c30     main.cu.obj
 0003:00002c40       __real@3e998c69c8710cc4    00424c40     main.cu.obj
 0003:00002c50       __real@3ea7b77ceb0625e8    00424c50     main.cu.obj
 0003:00002c60       __real@be7844988bfe6590    00424c60     main.cu.obj
 0003:00002c70       __real@3fe2788cfc6fb619    00424c70     main.cu.obj
 0003:00002c80       __real@3fea51a6625307d6    00424c80     main.cu.obj
 0003:00002c90       __real@3fd9a4d55beab1d4    00424c90     main.cu.obj
 0003:00002ca0       __real@3fd151322ac7cb52    00424ca0     main.cu.obj
 0003:00002cb0       __real@3fca8b9c17ac4f03    00424cb0     main.cu.obj
 0003:00002cc0       __real@3fc5b40cb1137e6e    00424cc0     main.cu.obj
 0003:00002cd0       __real@3fc2703a1d239658    00424cd0     main.cu.obj
 0003:00002ce0       __real@3fc010b364b7e555    00424ce0     main.cu.obj
 0003:00002cf0       __real@3fbc80673b8ae26b    00424cf0     main.cu.obj
 0003:00002d00       __real@3fb9a0207808cf40    00424d00     main.cu.obj
 0003:00002d10       __real@3fb748c00891544f    00424d10     main.cu.obj
 0003:00002d20       __real@3fb556723452ed57    00424d20     main.cu.obj
 0003:00002d30       __real@3fb3b1c21a7bcb00    00424d30     main.cu.obj
 0003:00002d40       __real@3fb24ce16a21b8ac    00424d40     main.cu.obj
 0003:00002d50       __real@3fb11747a4d1cc43    00424d50     main.cu.obj
 0003:00002d60       __real@3fafcc622cf2f7bb    00424d60     main.cu.obj
 0003:00002d70       __real@3fad7154db67f79f    00424d70     main.cu.obj
 0003:00002d80       __real@3facc1b1c357befe    00424d80     main.cu.obj
 0003:00002d90       __real@3faed469a8b6ecce    00424d90     main.cu.obj
 0003:00002da0       __real@3fae35d8deb06317    00424da0     main.cu.obj
 0003:00002db0       __real@3fa3eb504359eb88    00424db0     main.cu.obj
 0003:00002dc0       __real@3f881f6d2a4c4310    00424dc0     main.cu.obj
 0003:00002dd0       __real@3fe6666666666666    00424dd0     main.cu.obj
 0003:00002de0       __real@3fdb0ee6072093cf    00424de0     main.cu.obj
 0003:00002df0       __real@3fd4a34cc4a60fa3    00424df0     main.cu.obj
 0003:00002e00       __real@3fb13e001a5578a3    00424e00     main.cu.obj
 0003:00002e10       __real@3f951322ac7da390    00424e10     main.cu.obj
 0003:00002e20       __real@3f7e404fc20e4d5b    00424e20     main.cu.obj
 0003:00002e30       __real@3f67add6eaab19fc    00424e30     main.cu.obj
 0003:00002e40       __real@3f538ac5c6d0317a    00424e40     main.cu.obj
 0003:00002e50       __real@3f40b36b0b4de323    00424e50     main.cu.obj
 0003:00002e60       __real@3f2d3fd354062012    00424e60     main.cu.obj
 0003:00002e70       __real@3f1a12730cf45051    00424e70     main.cu.obj
 0003:00002e80       __real@3f078e04b85c7597    00424e80     main.cu.obj
 0003:00002e90       __real@3ef581cbbc8cdc7b    00424e90     main.cu.obj
 0003:00002ea0       __real@3ee3cb25209e63be    00424ea0     main.cu.obj
 0003:00002eb0       __real@3ed24accc62909dc    00424eb0     main.cu.obj
 0003:00002ec0       __real@3ec108474875033d    00424ec0     main.cu.obj
 0003:00002ed0       __real@3eb06850b2970292    00424ed0     main.cu.obj
 0003:00002ee0       __real@3ea0502bbe1b2706    00424ee0     main.cu.obj
 0003:00002ef0       __real@3e8d111f31e61306    00424ef0     main.cu.obj
 0003:00002f00       __real@3e71fa71d78c0ee2    00424f00     main.cu.obj
 0003:00002f10       __real@3e452636124338b3    00424f10     main.cu.obj
 0003:00002f20       __real@3ff8000000000000    00424f20     main.cu.obj
 0003:00002f30       __real@41d4e2130e9dc133    00424f30     main.cu.obj
 0003:00002f40       __real@41d2b866bf0b853d    00424f40     main.cu.obj
 0003:00002f50       __real@41b9051687c9951a    00424f50     main.cu.obj
 0003:00002f60       __real@418ee64ab4d207f7    00424f60     main.cu.obj
 0003:00002f70       __real@4151b662f8d75791    00424f70     main.cu.obj
 0003:00002f80       __real@410074face10c93f    00424f80     main.cu.obj
 0003:00002f90       __real@408ff62e0be189fe    00424f90     main.cu.obj
 0003:00002fa0       __real@41ccf33b9c3d120c    00424fa0     main.cu.obj
 0003:00002fb0       __real@41c6ba13dcae7f67    00424fb0     main.cu.obj
 0003:00002fc0       __real@41bc0e2b308774be    00424fc0     main.cu.obj
 0003:00002fd0       __real@41aac5cb6957cc20    00424fd0     main.cu.obj
 0003:00002fe0       __real@418a992b8ba94677    00424fe0     main.cu.obj
 0003:00002ff0       __real@41585a0db81de7d0    00424ff0     main.cu.obj
 0003:00003000       __real@41122b7730207ef3    00425000     main.cu.obj
 0003:00003010       __real@c0af7040bb18fb05    00425010     main.cu.obj
 0003:00003020       __real@3fed67f1c864beae    00425020     main.cu.obj
 0003:00003030       __real@3fb5555555555545    00425030     main.cu.obj
 0003:00003040       __real@3f66c16c16b2acec    00425040     main.cu.obj
 0003:00003050       __real@3f4a019fa29f7264    00425050     main.cu.obj
 0003:00003060       __real@3f4380d01e4f7b8c    00425060     main.cu.obj
 0003:00003070       __real@3f4b68b992738fbf    00425070     main.cu.obj
 0003:00003080       __real@bf5ac321034783f9    00425080     main.cu.obj
 0003:00003090       __real@4020000000000000    00425090     main.cu.obj
 0003:000030a0       __real@4008000000000000    004250a0     main.cu.obj
 0003:000030b0       __real@3ff40d931ff62706    004250b0     main.cu.obj
 0003:000030c0       __real@4061800000000000    004250c0     main.cu.obj
 0003:000030d0       __real@8000000000000000    004250d0     main.cu.obj
 0003:000030e0       __real@c067200000000000    004250e0     main.cu.obj
 0003:000030f0       __real@bfe0000000000000    004250f0     main.cu.obj
 0003:00003100       __real@4034000000000000    00425100     main.cu.obj
 0003:00003110       __real@3fe4fcf4026afa4b    00425110     main.cu.obj
 0003:00003120       __real@3fa5815e8fa27607    00425120     main.cu.obj
 0003:00003130       __real@3fc5512320b45d97    00425130     main.cu.obj
 0003:00003140       __real@3fa59af103c171dc    00425140     main.cu.obj
 0003:00003150       __real@3f83b4af28728bb0    00425150     main.cu.obj
 0003:00003160       __real@3f7d919c50ff9416    00425160     main.cu.obj
 0003:00003170       __real@3f5317112046830b    00425170     main.cu.obj
 0003:00003180       __real@3f2c364d9e00d4ca    00425180     main.cu.obj
 0003:00003190       __real@3f20c8a6351cb1f9    00425190     main.cu.obj
 0003:000031a0       __real@3ef51d59dce6a679    004251a0     main.cu.obj
 0003:000031b0       __real@3eb4fc07fc9f1563    004251b0     main.cu.obj
 0003:000031c0       __real@3eb31831766a0388    004251c0     main.cu.obj
 0003:000031d0       __real@3e8b338c457183b6    004251d0     main.cu.obj
 0003:000031e0       __real@bdfe6bdf8cc487cd    004251e0     main.cu.obj
 0003:000031f0       __real@3fb5555555555555    004251f0     main.cu.obj
 0003:00003200       __real@3f6c71c71c71c71c    00425200     main.cu.obj
 0003:00003210       __real@3f65f7268edab4c8    00425210     main.cu.obj
 0003:00003220       __real@3f2e13ce465fa859    00425220     main.cu.obj
 0003:00003230       __real@3f49b0ff6874f2c4    00425230     main.cu.obj
 0003:00003240       __real@3f1247604839c038    00425240     main.cu.obj
 0003:00003250       __real@3f436773bdb97b48    00425250     main.cu.obj
 0003:00003260       __real@3f0b1d75d3346711    00425260     main.cu.obj
 0003:00003270       __real@3f4b8239c670e690    00425270     main.cu.obj
 0003:00003280       __real@408f400000000000    00425280     main.cu.obj
 0003:00003290       __real@3fd0000000000000    00425290     main.cu.obj
 0003:000032a0       __real@4065800000000000    004252a0     main.cu.obj
 0003:000032b0       __real@40040d931ff62706    004252b0     main.cu.obj
 0003:000032c0       __real@4061c00000000000    004252c0     main.cu.obj
 0003:000032cc       __real@00000001            004252cc     main.cu.obj
 0003:000032d0       __real@bfd5555555555555    004252d0     main.cu.obj
 0003:000032e0       __real@7fe1ccf385ebc8a0    004252e0     main.cu.obj
 0003:000032f0       __real@4340000000000000    004252f0     main.cu.obj
 0003:00003300       __real@4071bdd7a4a58b88    00425300     main.cu.obj
 0003:00003310       __real@409daf1b908fb4f7    00425310     main.cu.obj
 0003:00003320       __real@40b2f029ddf4517b    00425320     main.cu.obj
 0003:00003330       __real@40b70fef4fefbf37    00425330     main.cu.obj
 0003:00003340       __real@40ab69cb97423dd7    00425340     main.cu.obj
 0003:00003350       __real@408cfb4e3767093a    00425350     main.cu.obj
 0003:00003360       __real@4054d273f6df55e1    00425360     main.cu.obj
 0003:00003370       __real@40733de64dad88b5    00425370     main.cu.obj
 0003:00003380       __real@409db2dc871562ed    00425380     main.cu.obj
 0003:00003390       __real@40b11bf7195e4547    00425390     main.cu.obj
 0003:000033a0       __real@40b23724b2ce01d1    004253a0     main.cu.obj
 0003:000033b0       __real@40a1f37e51c6f83b    004253b0     main.cu.obj
 0003:000033c0       __real@407c79a1f78decaf    004253c0     main.cu.obj
 0003:000033d0       __real@c037e2e0a1a868e4    004253d0     main.cu.obj
 0003:000033e0       __real@3fe2000000000000    004253e0     main.cu.obj
 0003:000033f0       __real@3f7baa8e35747f7c    004253f0     main.cu.obj
 0003:00003400       __real@3fc7d2aa69d88040    00425400     main.cu.obj
 0003:00003410       __real@40004ba1b2384b92    00425410     main.cu.obj
 0003:00003420       __real@4026a176f29f18e1    00425420     main.cu.obj
 0003:00003430       __real@4040f0a9a1f987a5    00425430     main.cu.obj
 0003:00003440       __real@404adb915b6fa513    00425440     main.cu.obj
 0003:00003450       __real@4044b47a9c4ffd90    00425450     main.cu.obj
 0003:00003460       __real@4029a9ab24528121    00425460     main.cu.obj
 0003:00003470       __real@3f836f5ad7cabcf2    00425470     main.cu.obj
 0003:00003480       __real@3fcfb0c7e6461a67    00425480     main.cu.obj
 0003:00003490       __real@4004478e0ebd3c7f    00425490     main.cu.obj
 0003:000034a0       __real@4029e88cc4cf8243    004254a0     main.cu.obj
 0003:000034b0       __real@404167aff8eaae50    004254b0     main.cu.obj
 0003:000034c0       __real@4047d27a9f4286d4    004254c0     main.cu.obj
 0003:000034d0       __real@403da19ef10aac55    004254d0     main.cu.obj
 0003:000034e0       __real@4019ae165ac1bafc    004254e0     main.cu.obj
 0003:000034f0       __real@3fcb81937e1ed1ab    004254f0     main.cu.obj
 0003:00003500       __real@3fec200000000000    00425500     main.cu.obj
 0003:00003510       __real@3eb3b1914262b3a2    00425510     main.cu.obj
 0003:00003520       __real@3f222a3a9af3a25a    00425520     main.cu.obj
 0003:00003530       __real@3f71f87642254d12    00425530     main.cu.obj
 0003:00003540       __real@3faba11c4774e387    00425540     main.cu.obj
 0003:00003550       __real@3fd6ca315f8c51fc    00425550     main.cu.obj
 0003:00003560       __real@3ff9b59b85c4d467    00425560     main.cu.obj
 0003:00003570       __real@400fe095d9e7c0be    00425570     main.cu.obj
 0003:00003580       __real@4012a7371365653c    00425580     main.cu.obj
 0003:00003590       __real@40118b2a8e54180a    00425590     main.cu.obj
 0003:000035a0       __real@400249b962d9c878    004255a0     main.cu.obj
 0003:000035b0       __real@3eb3b19581efe83e    004255b0     main.cu.obj
 0003:000035c0       __real@3f222a25a430d059    004255c0     main.cu.obj
 0003:000035d0       __real@3f71f49cb875595d    004255d0     main.cu.obj
 0003:000035e0       __real@3fab7756d87372e5    004255e0     main.cu.obj
 0003:000035f0       __real@3fd64c0e4235600e    004255f0     main.cu.obj
 0003:00003600       __real@3ff889567e5ff238    00425600     main.cu.obj
 0003:00003610       __real@400c9fd391f98d0e    00425610     main.cu.obj
 0003:00003620       __real@4009476076e71a12    00425620     main.cu.obj
 0003:00003630       __real@400118d328273b6b    00425630     main.cu.obj
 0003:00003640       __real@3feb8795e92f0f80    00425640     main.cu.obj
 0003:00003650       __real@3f66cd370d65104e    00425650     main.cu.obj
 0003:00003660       __real@3fee000000000000    00425660     main.cu.obj
 0003:00003670       __real@3d93f15ba1424e32    00425670     main.cu.obj
 0003:00003680       __real@3e33d2e865de9b05    00425680     main.cu.obj
 0003:00003690       __real@3eb5c048bebb08d7    00425690     main.cu.obj
 0003:000036a0       __real@3f21fa4a2687bc25    004256a0     main.cu.obj
 0003:000036b0       __real@3f78cfbb39e0a0d8    004256b0     main.cu.obj
 0003:000036c0       __real@3fbcf55c1b78651e    004256c0     main.cu.obj
 0003:000036d0       __real@3feae16dbdd907c0    004256d0     main.cu.obj
 0003:000036e0       __real@4000fd978bf81eb7    004256e0     main.cu.obj
 0003:000036f0       __real@3ff93c2dedc938d3    004256f0     main.cu.obj
 0003:00003700       __real@3d93f15bb163c58a    00425700     main.cu.obj
 0003:00003710       __real@3e33d2e814977011    00425710     main.cu.obj
 0003:00003720       __real@3eb5c033d288e72b    00425720     main.cu.obj
 0003:00003730       __real@3f21f9c3f094799e    00425730     main.cu.obj
 0003:00003740       __real@3f78cbdc465b3bc5    00425740     main.cu.obj
 0003:00003750       __real@3fbcdfd5f83068ed    00425750     main.cu.obj
 0003:00003760       __real@3fea7fcc3824eeed    00425760     main.cu.obj
 0003:00003770       __real@3fff36523ebcb622    00425770     main.cu.obj
 0003:00003780       __real@3fe6628c8aa4b50a    00425780     main.cu.obj
 0003:00003790       __real@2b2bff2ee48e0530    00425790     main.cu.obj
 0003:000037a0       __real@bff6a09e667f3bcd    004257a0     main.cu.obj
 0003:000037b0       __real@c000000000000000    004257b0     main.cu.obj
 0003:000037c0       __real@3c8bdd3413b26456    004257c0     main.cu.obj
 0003:000037d0       __real@bfe6a09e667f3bcd    004257d0     main.cu.obj
 0003:000037e0       __real@3e280c4330000000    004257e0     main.cu.obj
 0003:000037f0       __real@bfe6a09e68000000    004257f0     main.cu.obj
 0003:00003800       __real@41a0000002000000    00425800     main.cu.obj
 0003:00003810       __real@4043400000000000    00425810     main.cu.obj
 0003:00003820       __real@3fe20dd750429b6d    00425820     main.cu.obj
 0003:00003830       __real@3ffe000000000000    00425830     main.cu.obj
 0003:00003840       __real@401a400000000000    00425840     main.cu.obj
 0003:00003850       __real@c03d880000000000    00425850     main.cu.obj
 0003:00003860       __real@3ff3ba5916e9fd7f    00425860     main.cu.obj
 0003:00003870       __real@3fc1df1ad154a29d    00425870     main.cu.obj
 0003:00003880       __real@3f8f7f5df66fb6d6    00425880     main.cu.obj
 0003:00003890       __real@3fb16ecefcfa5fda    00425890     main.cu.obj
 0003:000038a0       __real@3fb9ddb23c3db8c6    004258a0     main.cu.obj
 0003:000038b0       __real@3fb7fee004dfbcdc    004258b0     main.cu.obj
 0003:000038c0       __real@3fb0fb06dff601fc    004258c0     main.cu.obj
 0003:000038d0       __real@3fa3079edf8c2dc9    004258d0     main.cu.obj
 0003:000038e0       __real@3f9096238568e357    004258e0     main.cu.obj
 0003:000038f0       __real@3f749c67210dd6b4    004258f0     main.cu.obj
 0003:00003900       __real@3f48d4abe68c1713    00425900     main.cu.obj
 0003:00003910       __real@3f2a1def3e81672e    00425910     main.cu.obj
 0003:00003920       __real@3f23be27cf0a29b2    00425920     main.cu.obj
 0003:00003930       __real@3ef995b4ead14a90    00425930     main.cu.obj
 0003:00003940       __real@3ee78e051c6d5c58    00425940     main.cu.obj
 0003:00003950       __real@3ed7f1c378f2311d    00425950     main.cu.obj
 0003:00003960       __real@3e94c6454db34009    00425960     main.cu.obj
 0003:00003970       __real@3eab9068c2148cf0    00425970     main.cu.obj
 0003:00003980       __real@3e6f9254c3abf22b    00425980     main.cu.obj
 0003:00003990       __real@3e7bedded8376273    00425990     main.cu.obj
 0003:000039a0       __real@3e4330149f7a56b6    004259a0     main.cu.obj
 0003:000039b0       __real@3e44e1c6fd03d328    004259b0     main.cu.obj
 0003:000039c0       __real@bdf8774ad4e0bfd7    004259c0     main.cu.obj
 0003:000039d0       __real@4040000000000000    004259d0     main.cu.obj
 0003:000039dc       __real@3f800000            004259dc     main.cu.obj
 0003:000039e0       ??_C@_0DA@LMCDGKBP@dSFMT2?919937?3117?919?3ffafffffffb3@ 004259e0     dSFMT.obj
 0003:00003a1c       ??_C@_1CE@KDMBGBNN@?$AAs?$AAi?$AAz?$AAe?$AA?5?$AA?$DO?$AA?$DN?$AA?5?$AAD?$AAS?$AAF?$AAM?$AAT?$AA_?$AAN?$AA6?$AA4?$AA?$AA@ 00425a1c     dSFMT.obj
 0003:00003a48       ??_C@_1BM@PDEODAMM@?$AAs?$AAi?$AAz?$AAe?$AA?5?$AA?$CF?$AA?5?$AA2?$AA?5?$AA?$DN?$AA?$DN?$AA?5?$AA0?$AA?$AA@ 00425a48     dSFMT.obj
 0003:00003a70       ??_C@_1EK@HDAKIIOM@?$AAf?$AA?3?$AA?2?$AAp?$AAr?$AAo?$AAj?$AAe?$AAc?$AAt?$AAs?$AA?2?$AA3?$AAr?$AAd?$AAp?$AAa?$AAr?$AAt?$AAy?$AA?2?$AAd?$AAs?$AAf?$AAm?$AAt?$AA?2?$AAd?$AAs?$AAf?$AAm?$AAt@ 00425a70     dSFMT.obj
 0003:00003ac8       ??_C@_0CH@KINLDLAK@DSFMT_MEXP?5doesn?8t?5match?5with?5dS@ 00425ac8     dSFMT.obj
 0003:00003af8       ??_C@_0P@GHFPNOJB@bad?5allocation?$AA@ 00425af8     libcpmt:newaop.obj
 0003:00003b10       ??_C@_1GA@EHAKPACL@?$AAf?$AA?3?$AA?2?$AAd?$AAd?$AA?2?$AAv?$AAc?$AAt?$AAo?$AAo?$AAl?$AAs?$AA?2?$AAc?$AAr?$AAt?$AA_?$AAb?$AAl?$AAd?$AA?2?$AAs?$AAe?$AAl?$AAf?$AA_?$AAx?$AA8?$AA6?$AA?2?$AAc@ 00425b10     MSVCRTD:crtexe.obj
 0003:00003b88       ??_C@_1FA@DALEHHGL@?$AA_?$AA_?$AAn?$AAa?$AAt?$AAi?$AAv?$AAe?$AA_?$AAs?$AAt?$AAa?$AAr?$AAt?$AAu?$AAp?$AA_?$AAs?$AAt?$AAa?$AAt?$AAe?$AA?5?$AA?$DN?$AA?$DN?$AA?5?$AA_?$AA_?$AAi?$AAn?$AAi?$AAt@ 00425b88     MSVCRTD:crtexe.obj
 0003:00003bf4       ??_C@_0BP@OGBCLIBO@Stack?5around?5_alloca?5corrupted?$AA@ 00425bf4     MSVCRTD:_userapi_.obj
 0003:00003c1c       ??_C@_0CK@CNLNOEPB@Local?5variable?5used?5before?5initi@ 00425c1c     MSVCRTD:_userapi_.obj
 0003:00003c50       ??_C@_0BI@CIGMDCBH@Stack?5memory?5corruption?$AA@ 00425c50     MSVCRTD:_userapi_.obj
 0003:00003c6c       ??_C@_0CK@FEGOIOPB@Cast?5to?5smaller?5type?5causing?5los@ 00425c6c     MSVCRTD:_userapi_.obj
 0003:00003ca0       ??_C@_0BJ@HEGAHDFO@Stack?5pointer?5corruption?$AA@ 00425ca0     MSVCRTD:_userapi_.obj
 0003:00003cd8       ??_C@_0BO@GNIAFIKK@Unknown?5Runtime?5Check?5Error?6?$AN?$AA@ 00425cd8     MSVCRTD:_error_.obj
 0003:00003cfc       ??_C@_0CM@NGINOKPC@Stack?5memory?5around?5_alloca?5was?5@ 00425cfc     MSVCRTD:_error_.obj
 0003:00003d30       ??_C@_0DG@HKJMLLLP@A?5local?5variable?5was?5used?5before@ 00425d30     MSVCRTD:_error_.obj
 0003:00003d70       ??_C@_0BN@FFOINMNJ@Stack?5memory?5was?5corrupted?6?$AN?$AA@ 00425d70     MSVCRTD:_error_.obj
 0003:00003d98       ??_C@_0BBN@GPMLNJCF@A?5cast?5to?5a?5smaller?5data?5type?5ha@ 00425d98     MSVCRTD:_error_.obj
 0003:00003ef0       ??_C@_0NN@NGPKDKPD@The?5value?5of?5ESP?5was?5not?5properl@ 00425ef0     MSVCRTD:_error_.obj
 0003:000040b8       ??_C@_0CA@IODNCDPG@Run?9Time?5Check?5Failure?5?$CD?$CFd?5?9?5?$CFs?$AA@ 004260b8     MSVCRTD:_error_.obj
 0003:000040e0       ??_C@_0BE@GNBOBNCK@Unknown?5Module?5Name?$AA@ 004260e0     MSVCRTD:_error_.obj
 0003:000040f8       ??_C@_0BB@PFFGGCJP@Unknown?5Filename?$AA@ 004260f8     MSVCRTD:_error_.obj
 0003:00004110       ??_C@_1EA@NFKNIFJP@?$AAR?$AAu?$AAn?$AA?9?$AAT?$AAi?$AAm?$AAe?$AA?5?$AAC?$AAh?$AAe?$AAc?$AAk?$AA?5?$AAF?$AAa?$AAi?$AAl?$AAu?$AAr?$AAe?$AA?5?$AA?$CD?$AA?$CF?$AAd?$AA?5?$AA?9?$AA?5?$AA?$CF?$AAs?$AA?$AA@ 00426110     MSVCRTD:_error_.obj
 0003:00004160       ??_C@_1GM@OLMCBDMB@?$AAR?$AAu?$AAn?$AAt?$AAi?$AAm?$AAe?$AA?5?$AAC?$AAh?$AAe?$AAc?$AAk?$AA?5?$AAE?$AAr?$AAr?$AAo?$AAr?$AA?4?$AA?6?$AA?$AN?$AA?5?$AAU?$AAn?$AAa?$AAb?$AAl?$AAe?$AA?5?$AAt?$AAo@ 00426160     MSVCRTD:_error_.obj
 0003:000041e4       ??_C@_0CG@IAFNJNEE@Stack?5corrupted?5near?5unknown?5var@ 004261e4     MSVCRTD:_error_.obj
 0003:00004218       ??_C@_0EJ@LJKNEOLN@Stack?5area?5around?5_alloca?5memory@ 00426218     MSVCRTD:_error_.obj
 0003:00004270       ??_C@_08KJEDNCKC@?$CFs?$CFs?$CFs?$CFs?$AA@ 00426270     MSVCRTD:_error_.obj
 0003:0000427c       ??_C@_02LLMPMKNF@?$DO?5?$AA@ 0042627c     MSVCRTD:_error_.obj
 0003:00004280       ??_C@_01EEMJAFIK@?6?$AA@   00426280     MSVCRTD:_error_.obj
 0003:00004284       ??_C@_0BC@KIBAILCI@?$CFs?$CFs?$CFp?$CFs?$CFld?$CFs?$CFd?$CFs?$AA@ 00426284     MSVCRTD:_error_.obj
 0003:000042a0       ??_C@_0EI@CLEPFNGI@Stack?5area?5around?5_alloca?5memory@ 004262a0     MSVCRTD:_error_.obj
 0003:000042f8       ??_C@_0N@MHFFIMFG@?6Address?3?50x?$AA@ 004262f8     MSVCRTD:_error_.obj
 0003:00004308       ??_C@_07DFDJCKFN@?6Size?3?5?$AA@ 00426308     MSVCRTD:_error_.obj
 0003:00004314       ??_C@_0CK@DKGBICFE@?6Allocation?5number?5within?5this?5f@ 00426314     MSVCRTD:_error_.obj
 0003:00004348       ??_C@_08OMAHNMHJ@?6Data?3?5?$DM?$AA@ 00426348     MSVCRTD:_error_.obj
 0003:00004354       ??_C@_09FOPFMPEJ@wsprintfA?$AA@ 00426354     MSVCRTD:_error_.obj
 0003:00004360       ??_C@_0L@GMPLCCII@user32?4dll?$AA@ 00426360     MSVCRTD:_error_.obj
 0003:00004370       ??_C@_05MKKEDADM@?$CF?42X?5?$AA@ 00426370     MSVCRTD:_error_.obj
 0003:00004378       ??_C@_0DE@OHJBPMBP@A?5variable?5is?5being?5used?5without@ 00426378     MSVCRTD:_error_.obj
 0003:000043b8       ?ProcessDetach@NativeDll@<CrtImplementationDetails>@@0IB 004263b8     MSVCRTD:unhandld.obj
 0003:000043bc       ?ProcessAttach@NativeDll@<CrtImplementationDetails>@@0IB 004263bc     MSVCRTD:unhandld.obj
 0003:000043c0       ?ThreadAttach@NativeDll@<CrtImplementationDetails>@@0IB 004263c0     MSVCRTD:unhandld.obj
 0003:000043c4       ?ThreadDetach@NativeDll@<CrtImplementationDetails>@@0IB 004263c4     MSVCRTD:unhandld.obj
 0003:000043c8       ?ProcessVerifier@NativeDll@<CrtImplementationDetails>@@0IB 004263c8     MSVCRTD:unhandld.obj
 0003:000043d0       ??_C@_1GE@KOCFNGPB@?$AA_?$AAc?$AAo?$AAn?$AAt?$AAr?$AAo?$AAl?$AAf?$AAp?$AA_?$AAs?$AA?$CI?$AA?$CI?$AA?$CI?$AAv?$AAo?$AAi?$AAd?$AA?5?$AA?$CK?$AA?$CJ?$AA0?$AA?$CJ?$AA?0?$AA?5?$AA0?$AAx?$AA0?$AA0?$AA0?$AA1@ 004263d0     MSVCRTD:fp8.obj
 0003:00004448       ??_C@_1CK@JMKHCBEI@?$AA_?$AAs?$AAe?$AAt?$AAd?$AAe?$AAf?$AAa?$AAu?$AAl?$AAt?$AAp?$AAr?$AAe?$AAc?$AAi?$AAs?$AAi?$AAo?$AAn?$AA?$AA@ 00426448     MSVCRTD:fp8.obj
 0003:00004480       ??_C@_1GG@PHGJJHBC@?$AAf?$AA?3?$AA?2?$AAd?$AAd?$AA?2?$AAv?$AAc?$AAt?$AAo?$AAo?$AAl?$AAs?$AA?2?$AAc?$AAr?$AAt?$AA_?$AAb?$AAl?$AAd?$AA?2?$AAs?$AAe?$AAl?$AAf?$AA_?$AAx?$AA8?$AA6?$AA?2?$AAc@ 00426480     MSVCRTD:fp8.obj
 0003:000044fc       ??_C@_0M@EKFFODEC@MSPDB80?4DLL?$AA@ 004264fc     MSVCRTD:_pdblkup_.obj
 0003:0000450c       ??_C@_01KDCPPGHE@r?$AA@    0042650c     MSVCRTD:_pdblkup_.obj
 0003:00004510       ??_C@_0BB@KCIACLNC@PDBOpenValidate5?$AA@ 00426510     MSVCRTD:_pdblkup_.obj
 0003:00004524       ??_C@_0BF@BMIHBHCA@EnvironmentDirectory?$AA@ 00426524     MSVCRTD:_pdblkup_.obj
 0003:00004540       ??_C@_0CN@JNNIHDGH@SOFTWARE?2Microsoft?2VisualStudio?2@ 00426540     MSVCRTD:_pdblkup_.obj
 0003:00004578       ??_C@_0M@HLOHPNFA@RegCloseKey?$AA@ 00426578     MSVCRTD:_pdblkup_.obj
 0003:00004588       ??_C@_0BB@HHEIPGME@RegQueryValueExA?$AA@ 00426588     MSVCRTD:_pdblkup_.obj
 0003:0000459c       ??_C@_0O@DCOGKJGG@RegOpenKeyExA?$AA@ 0042659c     MSVCRTD:_pdblkup_.obj
 0003:000045ac       ??_C@_0N@JJPEKNFO@ADVAPI32?4DLL?$AA@ 004265ac     MSVCRTD:_pdblkup_.obj
 0003:00004aec       ___rtc_iaa                 00426aec     MSVCRTD:_initsect_.obj
 0003:00004cfc       ___rtc_izz                 00426cfc     MSVCRTD:_initsect_.obj
 0003:00004e00       ___rtc_taa                 00426e00     MSVCRTD:_initsect_.obj
 0003:00005010       ___rtc_tzz                 00427010     MSVCRTD:_initsect_.obj
 0004:00012f80       ?mtgp32dc_params_fast_11213@@3PAUmtgp32_params_fast@@A 0043af80     main.cu.obj
 0004:00024978       ?__LINE__Var@?1??dsfmt_fill_array_close1_open2@@YAXPAUDSFMT_T@@QANH@Z@4JA 0044c978     dSFMT.obj
 0004:0002497c       ?__LINE__Var@?1??dsfmt_fill_array_open_close@@YAXPAUDSFMT_T@@QANH@Z@4JA 0044c97c     dSFMT.obj
 0004:00024980       ?__LINE__Var@?1??dsfmt_fill_array_close_open@@YAXPAUDSFMT_T@@QANH@Z@4JA 0044c980     dSFMT.obj
 0004:00024984       ?__LINE__Var@?1??dsfmt_fill_array_open_open@@YAXPAUDSFMT_T@@QANH@Z@4JA 0044c984     dSFMT.obj
 0004:00024990       ___security_cookie         0044c990     MSVCRTD:gs_cookie.obj
 0004:00024994       ___security_cookie_complement 0044c994     MSVCRTD:gs_cookie.obj
 0004:000249a0       ?_RTC_ErrorLevels@@3PAHA   0044c9a0     MSVCRTD:_error_.obj
 0004:000249b8       ___globallocalestatus      0044c9b8     MSVCRTD:xthdloc.obj
 0004:000249bc       ___defaultmatherr          0044c9bc     MSVCRTD:merr.obj
 0004:000249c0       ___native_dllmain_reason   0044c9c0     MSVCRTD:natstart.obj
 0004:000249c4       ___native_vcclrit_reason   0044c9c4     MSVCRTD:natstart.obj
 0004:0003b788       ?dsfmt_global_data@@3UDSFMT_T@@A 00463788     dSFMT.obj
 0004:0003c9f8       ?wsprintffp@@3P6AHPADPBDZZA 004649f8     MSVCRTD:_error_.obj
 0004:0003c9fc       __commode                  004649fc     MSVCRTD:xncommod.obj
 0004:0003ca00       __fmode                    00464a00     MSVCRTD:xtxtmode.obj
 0004:0003ca04       __dowildcard               00464a04     MSVCRTD:wildcard.obj
 0004:0003ca08       __newmode                  00464a08     MSVCRTD:_newmode.obj
 0004:0003ca18       ___native_startup_state    00464a18     <common>
 0004:0003ca28       ___native_startup_lock     00464a28     <common>
 0004:0003ca2c       __adjust_fdiv              00464a2c     <common>
 0004:0003ca38       ___sse2_available          00464a38     <common>
 0004:0003ca44       ___dyn_tls_init_callback   00464a44     <common>
 0004:0003ca48       ___onexitend               00464a48     <common>
 0004:0003ca58       ___onexitbegin             00464a58     <common>
 0005:00000000       __IMPORT_DESCRIPTOR_cudart32_50_35 00465000     cudart:cudart32_50_35.dll
 0005:00000014       __IMPORT_DESCRIPTOR_curand32_50_35 00465014     curand:curand32_50_35.dll
 0005:00000028       __IMPORT_DESCRIPTOR_KERNEL32 00465028     kernel32:KERNEL32.dll
 0005:0000003c       __IMPORT_DESCRIPTOR_MSVCR90D 0046503c     MSVCRTD:MSVCR90D.dll
 0005:00000050       __NULL_IMPORT_DESCRIPTOR   00465050     cudart:cudart32_50_35.dll
 0005:00000330       __imp__FreeLibrary@4       00465330     kernel32:KERNEL32.dll
 0005:00000334       __imp__VirtualQuery@12     00465334     kernel32:KERNEL32.dll
 0005:00000338       __imp__GetModuleFileNameW@12 00465338     kernel32:KERNEL32.dll
 0005:0000033c       __imp__GetProcessHeap@0    0046533c     kernel32:KERNEL32.dll
 0005:00000340       __imp__HeapAlloc@12        00465340     kernel32:KERNEL32.dll
 0005:00000344       __imp__HeapFree@12         00465344     kernel32:KERNEL32.dll
 0005:00000348       __imp__GetSystemTimeAsFileTime@4 00465348     kernel32:KERNEL32.dll
 0005:0000034c       __imp__GetCurrentProcessId@0 0046534c     kernel32:KERNEL32.dll
 0005:00000350       __imp__GetCurrentThreadId@0 00465350     kernel32:KERNEL32.dll
 0005:00000354       __imp__GetTickCount@0      00465354     kernel32:KERNEL32.dll
 0005:00000358       __imp__LoadLibraryA@4      00465358     kernel32:KERNEL32.dll
 0005:0000035c       __imp__GetProcAddress@8    0046535c     kernel32:KERNEL32.dll
 0005:00000360       __imp__lstrlenA@4          00465360     kernel32:KERNEL32.dll
 0005:00000364       __imp__MultiByteToWideChar@24 00465364     kernel32:KERNEL32.dll
 0005:00000368       __imp__WideCharToMultiByte@32 00465368     kernel32:KERNEL32.dll
 0005:0000036c       __imp__DebugBreak@0        0046536c     kernel32:KERNEL32.dll
 0005:00000370       __imp__RaiseException@16   00465370     kernel32:KERNEL32.dll
 0005:00000374       __imp__IsDebuggerPresent@0 00465374     kernel32:KERNEL32.dll
 0005:00000378       __imp__SetUnhandledExceptionFilter@4 00465378     kernel32:KERNEL32.dll
 0005:0000037c       __imp__UnhandledExceptionFilter@4 0046537c     kernel32:KERNEL32.dll
 0005:00000380       __imp__GetCurrentProcess@0 00465380     kernel32:KERNEL32.dll
 0005:00000384       __imp__TerminateProcess@8  00465384     kernel32:KERNEL32.dll
 0005:00000388       __imp__InterlockedCompareExchange@12 00465388     kernel32:KERNEL32.dll
 0005:0000038c       __imp__QueryPerformanceFrequency@4 0046538c     kernel32:KERNEL32.dll
 0005:00000390       __imp__QueryPerformanceCounter@4 00465390     kernel32:KERNEL32.dll
 0005:00000394       __imp__InterlockedExchange@8 00465394     kernel32:KERNEL32.dll
 0005:00000398       __imp__Sleep@4             00465398     kernel32:KERNEL32.dll
 0005:0000039c       \177KERNEL32_NULL_THUNK_DATA 0046539c     kernel32:KERNEL32.dll
 0005:000003dc       __imp__ldexp               004653dc     MSVCRTD:MSVCR90D.dll
 0005:000003e0       __imp__acos                004653e0     MSVCRTD:MSVCR90D.dll
 0005:000003e4       __imp__asin                004653e4     MSVCRTD:MSVCR90D.dll
 0005:000003e8       __imp__atan                004653e8     MSVCRTD:MSVCR90D.dll
 0005:000003ec       __imp__atan2               004653ec     MSVCRTD:MSVCR90D.dll
 0005:000003f0       __imp__ceil                004653f0     MSVCRTD:MSVCR90D.dll
 0005:000003f4       __imp__cos                 004653f4     MSVCRTD:MSVCR90D.dll
 0005:000003f8       __imp__cosh                004653f8     MSVCRTD:MSVCR90D.dll
 0005:000003fc       __imp__exp                 004653fc     MSVCRTD:MSVCR90D.dll
 0005:00000400       __imp__floor               00465400     MSVCRTD:MSVCR90D.dll
 0005:00000404       __imp__fmod                00465404     MSVCRTD:MSVCR90D.dll
 0005:00000408       __imp__log                 00465408     MSVCRTD:MSVCR90D.dll
 0005:0000040c       __imp__log10               0046540c     MSVCRTD:MSVCR90D.dll
 0005:00000410       __imp__modf                00465410     MSVCRTD:MSVCR90D.dll
 0005:00000414       __imp__pow                 00465414     MSVCRTD:MSVCR90D.dll
 0005:00000418       __imp__sin                 00465418     MSVCRTD:MSVCR90D.dll
 0005:0000041c       __imp__sinh                0046541c     MSVCRTD:MSVCR90D.dll
 0005:00000420       __imp__sqrt                00465420     MSVCRTD:MSVCR90D.dll
 0005:00000424       __imp__tan                 00465424     MSVCRTD:MSVCR90D.dll
 0005:00000428       __imp__fabs                00465428     MSVCRTD:MSVCR90D.dll
 0005:0000042c       __imp__labs                0046542c     MSVCRTD:MSVCR90D.dll
 0005:00000430       __imp__memset              00465430     MSVCRTD:MSVCR90D.dll
 0005:00000434       __imp__strlen              00465434     MSVCRTD:MSVCR90D.dll
 0005:00000438       __imp__free                00465438     MSVCRTD:MSVCR90D.dll
 0005:0000043c       __imp__malloc              0046543c     MSVCRTD:MSVCR90D.dll
 0005:00000440       __imp__exit                00465440     MSVCRTD:MSVCR90D.dll
 0005:00000444       __imp__printf              00465444     MSVCRTD:MSVCR90D.dll
 0005:00000448       __imp_??_V@YAXPAX@Z        00465448     MSVCRTD:MSVCR90D.dll
 0005:0000044c       __imp__sprintf             0046544c     MSVCRTD:MSVCR90D.dll
 0005:00000450       __imp____CxxFrameHandler3  00465450     MSVCRTD:MSVCR90D.dll
 0005:00000454       __imp___hypot              00465454     MSVCRTD:MSVCR90D.dll
 0005:00000458       __imp___hypotf             00465458     MSVCRTD:MSVCR90D.dll
 0005:0000045c       __imp___wassert            0046545c     MSVCRTD:MSVCR90D.dll
 0005:00000460       __imp__fprintf             00465460     MSVCRTD:MSVCR90D.dll
 0005:00000464       __imp____iob_func          00465464     MSVCRTD:MSVCR90D.dll
 0005:00000468       __imp_??2@YAPAXI@Z         00465468     MSVCRTD:MSVCR90D.dll
 0005:0000046c       __imp___unlock             0046546c     MSVCRTD:MSVCR90D.dll
 0005:00000470       __imp____dllonexit         00465470     MSVCRTD:MSVCR90D.dll
 0005:00000474       __imp___encode_pointer     00465474     MSVCRTD:MSVCR90D.dll
 0005:00000478       __imp___lock               00465478     MSVCRTD:MSVCR90D.dll
 0005:0000047c       __imp___onexit             0046547c     MSVCRTD:MSVCR90D.dll
 0005:00000480       __imp___decode_pointer     00465480     MSVCRTD:MSVCR90D.dll
 0005:00000484       __imp___CRT_RTC_INITW      00465484     MSVCRTD:MSVCR90D.dll
 0005:00000488       __imp___configthreadlocale 00465488     MSVCRTD:MSVCR90D.dll
 0005:0000048c       __imp____setusermatherr    0046548c     MSVCRTD:MSVCR90D.dll
 0005:00000490       __imp___adjust_fdiv        00465490     MSVCRTD:MSVCR90D.dll
 0005:00000494       __imp____p__commode        00465494     MSVCRTD:MSVCR90D.dll
 0005:00000498       __imp____p__fmode          00465498     MSVCRTD:MSVCR90D.dll
 0005:0000049c       __imp____set_app_type      0046549c     MSVCRTD:MSVCR90D.dll
 0005:000004a0       __imp___amsg_exit          004654a0     MSVCRTD:MSVCR90D.dll
 0005:000004a4       __imp____getmainargs       004654a4     MSVCRTD:MSVCR90D.dll
 0005:000004a8       __imp___exit               004654a8     MSVCRTD:MSVCR90D.dll
 0005:000004ac       __imp___XcptFilter         004654ac     MSVCRTD:MSVCR90D.dll
 0005:000004b0       __imp___cexit              004654b0     MSVCRTD:MSVCR90D.dll
 0005:000004b4       __imp____initenv           004654b4     MSVCRTD:MSVCR90D.dll
 0005:000004b8       __imp___CrtSetCheckCount   004654b8     MSVCRTD:MSVCR90D.dll
 0005:000004bc       __imp___CrtDbgReportW      004654bc     MSVCRTD:MSVCR90D.dll
 0005:000004c0       __imp___initterm           004654c0     MSVCRTD:MSVCR90D.dll
 0005:000004c4       __imp___initterm_e         004654c4     MSVCRTD:MSVCR90D.dll
 0005:000004c8       __imp___crt_debugger_hook  004654c8     MSVCRTD:MSVCR90D.dll
 0005:000004cc       __imp___except_handler4_common 004654cc     MSVCRTD:MSVCR90D.dll
 0005:000004d0       __imp_?terminate@@YAXXZ    004654d0     MSVCRTD:MSVCR90D.dll
 0005:000004d4       __imp___controlfp_s        004654d4     MSVCRTD:MSVCR90D.dll
 0005:000004d8       __imp___invoke_watson      004654d8     MSVCRTD:MSVCR90D.dll
 0005:000004dc       __imp__frexp               004654dc     MSVCRTD:MSVCR90D.dll
 0005:000004e0       __imp__tanh                004654e0     MSVCRTD:MSVCR90D.dll
 0005:000004e4       \177MSVCR90D_NULL_THUNK_DATA 004654e4     MSVCRTD:MSVCR90D.dll
 0005:00000544       __imp__cudaSetupArgument@12 00465544     cudart:cudart32_50_35.dll
 0005:00000548       __imp__cudaMalloc@8        00465548     cudart:cudart32_50_35.dll
 0005:0000054c       __imp__cudaFree@4          0046554c     cudart:cudart32_50_35.dll
 0005:00000550       __imp__cudaRuntimeGetVersion@4 00465550     cudart:cudart32_50_35.dll
 0005:00000554       __imp__cudaDriverGetVersion@4 00465554     cudart:cudart32_50_35.dll
 0005:00000558       __imp__cudaLaunch@4        00465558     cudart:cudart32_50_35.dll
 0005:0000055c       __imp____cudaRegisterFunction@40 0046555c     cudart:cudart32_50_35.dll
 0005:00000560       __imp____cudaRegisterVar@32 00465560     cudart:cudart32_50_35.dll
 0005:00000564       __imp____cudaUnregisterFatBinary@4 00465564     cudart:cudart32_50_35.dll
 0005:00000568       __imp____cudaRegisterFatBinary@4 00465568     cudart:cudart32_50_35.dll
 0005:0000056c       __imp__cudaMemcpy@16       0046556c     cudart:cudart32_50_35.dll
 0005:00000570       __imp__cudaMemset@12       00465570     cudart:cudart32_50_35.dll
 0005:00000574       __imp__cudaConfigureCall@32 00465574     cudart:cudart32_50_35.dll
 0005:00000578       __imp__cudaGetDeviceCount@4 00465578     cudart:cudart32_50_35.dll
 0005:0000057c       __imp__cudaGetErrorString@4 0046557c     cudart:cudart32_50_35.dll
 0005:00000580       __imp__cudaSetDevice@4     00465580     cudart:cudart32_50_35.dll
 0005:00000584       __imp__cudaGetDeviceProperties@8 00465584     cudart:cudart32_50_35.dll
 0005:00000588       \177cudart32_50_35_NULL_THUNK_DATA 00465588     cudart:cudart32_50_35.dll
 0005:000005c0       __imp__curandCreateGenerator@8 004655c0     curand:curand32_50_35.dll
 0005:000005c4       __imp__curandGenerateUniform@12 004655c4     curand:curand32_50_35.dll
 0005:000005c8       __imp__curandDestroyGenerator@4 004655c8     curand:curand32_50_35.dll
 0005:000005cc       __imp__curandSetPseudoRandomGeneratorSeed@12 004655cc     curand:curand32_50_35.dll
 0005:000005d0       \177curand32_50_35_NULL_THUNK_DATA 004655d0     curand:curand32_50_35.dll

 entry point at        0002:00000429

